// Jest Snapshot v1, https://goo.gl/fbAQLP

exports[`Hello World Render sem crash 1`] = `
<Fragment>
  <h1>
    Hello from 
    Typescript
     and 
    React
  </h1>
</Fragment>
`;
